No errors were found on the image.
14739/36032 = 40.91% allocated, 98.26% fragmented, 98.07% compressed clusters
Image end offset: 308936704
Formatting '/tmp/tmp.AayKpAgGJx/home.qcow2', fmt=qcow2 cluster_size=65536 extended_l2=off compression_type=zlib size=1073741824 lazy_refcounts=off refcount_bits=16
ssh: connect to host 127.0.0.1 port 2222: Connection refused
Connection timed out during banner exchange
Connection to 127.0.0.1 port 2222 timed out
Connection timed out during banner exchange
Connection to 127.0.0.1 port 2222 timed out
Connection timed out during banner exchange
Connection to 127.0.0.1 port 2222 timed out
kex_exchange_identification: read: Connection reset by peer
Connection reset by 127.0.0.1 port 2222
kex_exchange_identification: read: Connection reset by peer
Connection reset by 127.0.0.1 port 2222
kex_exchange_identification: read: Connection reset by peer
Connection reset by 127.0.0.1 port 2222
kex_exchange_identification: read: Connection reset by peer
Connection reset by 127.0.0.1 port 2222
kex_exchange_identification: read: Connection reset by peer
Connection reset by 127.0.0.1 port 2222
kex_exchange_identification: read: Connection reset by peer
Connection reset by 127.0.0.1 port 2222
kex_exchange_identification: read: Connection reset by peer
Connection reset by 127.0.0.1 port 2222
kex_exchange_identification: read: Connection reset by peer
Connection reset by 127.0.0.1 port 2222
kex_exchange_identification: read: Connection reset by peer
Connection reset by 127.0.0.1 port 2222
kex_exchange_identification: read: Connection reset by peer
Connection reset by 127.0.0.1 port 2222
kex_exchange_identification: Connection closed by remote host
Connection closed by 127.0.0.1 port 2222
kex_exchange_identification: read: Connection reset by peer
Connection reset by 127.0.0.1 port 2222
kex_exchange_identification: read: Connection reset by peer
Connection reset by 127.0.0.1 port 2222
kex_exchange_identification: read: Connection reset by peer
Connection reset by 127.0.0.1 port 2222
kex_exchange_identification: Connection closed by remote host
Connection closed by 127.0.0.1 port 2222
kex_exchange_identification: read: Connection reset by peer
Connection reset by 127.0.0.1 port 2222
kex_exchange_identification: read: Connection reset by peer
Connection reset by 127.0.0.1 port 2222
kex_exchange_identification: read: Connection reset by peer
Connection reset by 127.0.0.1 port 2222
kex_exchange_identification: read: Connection reset by peer
Connection reset by 127.0.0.1 port 2222
kex_exchange_identification: read: Connection reset by peer
Connection reset by 127.0.0.1 port 2222
kex_exchange_identification: read: Connection reset by peer
Connection reset by 127.0.0.1 port 2222
kex_exchange_identification: read: Connection reset by peer
Connection reset by 127.0.0.1 port 2222
kex_exchange_identification: read: Connection reset by peer
Connection reset by 127.0.0.1 port 2222
kex_exchange_identification: read: Connection reset by peer
Connection reset by 127.0.0.1 port 2222
kex_exchange_identification: read: Connection reset by peer
Connection reset by 127.0.0.1 port 2222
kex_exchange_identification: read: Connection reset by peer
Connection reset by 127.0.0.1 port 2222
kex_exchange_identification: read: Connection reset by peer
Connection reset by 127.0.0.1 port 2222
kex_exchange_identification: read: Connection reset by peer
Connection reset by 127.0.0.1 port 2222
kex_exchange_identification: read: Connection reset by peer
Connection reset by 127.0.0.1 port 2222
kex_exchange_identification: read: Connection reset by peer
Connection reset by 127.0.0.1 port 2222
kex_exchange_identification: read: Connection reset by peer
Connection reset by 127.0.0.1 port 2222
kex_exchange_identification: read: Connection reset by peer
Connection reset by 127.0.0.1 port 2222
kex_exchange_identification: read: Connection reset by peer
Connection reset by 127.0.0.1 port 2222
kex_exchange_identification: read: Connection reset by peer
Connection reset by 127.0.0.1 port 2222
kex_exchange_identification: read: Connection reset by peer
Connection reset by 127.0.0.1 port 2222
kex_exchange_identification: read: Connection reset by peer
Connection reset by 127.0.0.1 port 2222
kex_exchange_identification: read: Connection reset by peer
Connection reset by 127.0.0.1 port 2222
kex_exchange_identification: read: Connection reset by peer
Connection reset by 127.0.0.1 port 2222
kex_exchange_identification: read: Connection reset by peer
Connection reset by 127.0.0.1 port 2222
kex_exchange_identification: read: Connection reset by peer
Connection reset by 127.0.0.1 port 2222
kex_exchange_identification: read: Connection reset by peer
Connection reset by 127.0.0.1 port 2222
kex_exchange_identification: read: Connection reset by peer
Connection reset by 127.0.0.1 port 2222
kex_exchange_identification: read: Connection reset by peer
Connection reset by 127.0.0.1 port 2222
kex_exchange_identification: read: Connection reset by peer
Connection reset by 127.0.0.1 port 2222
kex_exchange_identification: read: Connection reset by peer
Connection reset by 127.0.0.1 port 2222
kex_exchange_identification: read: Connection reset by peer
Connection reset by 127.0.0.1 port 2222
kex_exchange_identification: read: Connection reset by peer
Connection reset by 127.0.0.1 port 2222
kex_exchange_identification: read: Connection reset by peer
Connection reset by 127.0.0.1 port 2222
kex_exchange_identification: read: Connection reset by peer
Connection reset by 127.0.0.1 port 2222
kex_exchange_identification: read: Connection reset by peer
Connection reset by 127.0.0.1 port 2222
kex_exchange_identification: read: Connection reset by peer
Connection reset by 127.0.0.1 port 2222
kex_exchange_identification: read: Connection reset by peer
Connection reset by 127.0.0.1 port 2222
kex_exchange_identification: read: Connection reset by peer
Connection reset by 127.0.0.1 port 2222
kex_exchange_identification: read: Connection reset by peer
Connection reset by 127.0.0.1 port 2222
kex_exchange_identification: read: Connection reset by peer
Connection reset by 127.0.0.1 port 2222
kex_exchange_identification: read: Connection reset by peer
Connection reset by 127.0.0.1 port 2222
kex_exchange_identification: read: Connection reset by peer
Connection reset by 127.0.0.1 port 2222
kex_exchange_identification: read: Connection reset by peer
Connection reset by 127.0.0.1 port 2222
kex_exchange_identification: read: Connection reset by peer
Connection reset by 127.0.0.1 port 2222
kex_exchange_identification: read: Connection reset by peer
Connection reset by 127.0.0.1 port 2222
kex_exchange_identification: read: Connection reset by peer
Connection reset by 127.0.0.1 port 2222
kex_exchange_identification: read: Connection reset by peer
Connection reset by 127.0.0.1 port 2222
kex_exchange_identification: read: Connection reset by peer
Connection reset by 127.0.0.1 port 2222
kex_exchange_identification: read: Connection reset by peer
Connection reset by 127.0.0.1 port 2222
kex_exchange_identification: read: Connection reset by peer
Connection reset by 127.0.0.1 port 2222
kex_exchange_identification: read: Connection reset by peer
Connection reset by 127.0.0.1 port 2222
kex_exchange_identification: read: Connection reset by peer
Connection reset by 127.0.0.1 port 2222
kex_exchange_identification: Connection closed by remote host
Connection closed by 127.0.0.1 port 2222
kex_exchange_identification: read: Connection reset by peer
Connection reset by 127.0.0.1 port 2222
kex_exchange_identification: read: Connection reset by peer
Connection reset by 127.0.0.1 port 2222
kex_exchange_identification: read: Connection reset by peer
Connection reset by 127.0.0.1 port 2222
kex_exchange_identification: read: Connection reset by peer
Connection reset by 127.0.0.1 port 2222
kex_exchange_identification: read: Connection reset by peer
Connection reset by 127.0.0.1 port 2222
kex_exchange_identification: read: Connection reset by peer
Connection reset by 127.0.0.1 port 2222
kex_exchange_identification: read: Connection reset by peer
Connection reset by 127.0.0.1 port 2222
kex_exchange_identification: read: Connection reset by peer
Connection reset by 127.0.0.1 port 2222
kex_exchange_identification: read: Connection reset by peer
Connection reset by 127.0.0.1 port 2222
kex_exchange_identification: read: Connection reset by peer
Connection reset by 127.0.0.1 port 2222
kex_exchange_identification: read: Connection reset by peer
Connection reset by 127.0.0.1 port 2222
kex_exchange_identification: read: Connection reset by peer
Connection reset by 127.0.0.1 port 2222
kex_exchange_identification: read: Connection reset by peer
Connection reset by 127.0.0.1 port 2222
kex_exchange_identification: read: Connection reset by peer
Connection reset by 127.0.0.1 port 2222
kex_exchange_identification: read: Connection reset by peer
Connection reset by 127.0.0.1 port 2222
kex_exchange_identification: read: Connection reset by peer
Connection reset by 127.0.0.1 port 2222
kex_exchange_identification: read: Connection reset by peer
Connection reset by 127.0.0.1 port 2222
kex_exchange_identification: read: Connection reset by peer
Connection reset by 127.0.0.1 port 2222
Timed out waiting for Sheller SSH:
=== QEMU stdout/stderr ===
=== Serial console ===
Linux version 5.15.0-1101-kvm (buildd@lcy02-amd64-112) (gcc (Ubuntu 11.4.0-1ubuntu1~22.04.3) 11.4.0, GNU ld (GNU Binutils for Ubuntu) 2.38) #106-Ubuntu SMP Mon May 25 16:48:46 UTC 2026 (Ubuntu 5.15.0-1101.106-kvm 5.15.199)
Command line: BOOT_IMAGE=/boot/vmlinuz-5.15.0-1101-kvm root=PARTUUID=ac768e24-c9f5-4ace-b42e-a1f432839a8b ro console=tty1 console=ttyS0 panic=-1
BIOS-provided physical RAM map:
BIOS-e820: [mem 0x0000000000000000-0x000000000009fbff] usable
BIOS-e820: [mem 0x000000000009fc00-0x000000000009ffff] reserved
BIOS-e820: [mem 0x00000000000f0000-0x00000000000fffff] reserved
BIOS-e820: [mem 0x0000000000100000-0x000000001ffd9fff] usable
BIOS-e820: [mem 0x000000001ffda000-0x000000001fffffff] reserved
BIOS-e820: [mem 0x00000000fffc0000-0x00000000ffffffff] reserved
NX (Execute Disable) protection: active
SMBIOS 2.8 present.
DMI: QEMU Standard PC (i440FX + PIIX, 1996), BIOS 1.15.0-1 04/01/2014
tsc: Fast TSC calibration using PIT
tsc: Detected 2445.434 MHz processor
last_pfn = 0x1ffda max_arch_pfn = 0x400000000
x86/PAT: Configuration [0-7]: WB  WC  UC- UC  WB  WP  UC- WT  
found SMP MP-table at [mem 0x000f5b90-0x000f5b9f]
ACPI: Early table checksum verification disabled
ACPI: RSDP 0x00000000000F59D0 000014 (v00 BOCHS )
ACPI: RSDT 0x000000001FFE1913 000034 (v01 BOCHS  BXPC     00000001 BXPC 00000001)
ACPI: FACP 0x000000001FFE17C7 000074 (v01 BOCHS  BXPC     00000001 BXPC 00000001)
ACPI: DSDT 0x000000001FFE0040 001787 (v01 BOCHS  BXPC     00000001 BXPC 00000001)
ACPI: FACS 0x000000001FFE0000 000040
ACPI: APIC 0x000000001FFE183B 000078 (v01 BOCHS  BXPC     00000001 BXPC 00000001)
ACPI: HPET 0x000000001FFE18B3 000038 (v01 BOCHS  BXPC     00000001 BXPC 00000001)
ACPI: WAET 0x000000001FFE18EB 000028 (v01 BOCHS  BXPC     00000001 BXPC 00000001)
ACPI: Reserving FACP table memory at [mem 0x1ffe17c7-0x1ffe183a]
ACPI: Reserving DSDT table memory at [mem 0x1ffe0040-0x1ffe17c6]
ACPI: Reserving FACS table memory at [mem 0x1ffe0000-0x1ffe003f]
ACPI: Reserving APIC table memory at [mem 0x1ffe183b-0x1ffe18b2]
ACPI: Reserving HPET table memory at [mem 0x1ffe18b3-0x1ffe18ea]
ACPI: Reserving WAET table memory at [mem 0x1ffe18eb-0x1ffe1912]
No NUMA configuration found
Faking a node at [mem 0x0000000000000000-0x000000001ffd9fff]
NODE_DATA(0) allocated [mem 0x1ffd7000-0x1ffd9fff]
Zone ranges:
  DMA32    [mem 0x0000000000001000-0x000000001ffd9fff]
  Normal   empty
Movable zone start for each node
Early memory node ranges
  node   0: [mem 0x0000000000001000-0x000000000009efff]
  node   0: [mem 0x0000000000100000-0x000000001ffd9fff]
Initmem setup node 0 [mem 0x0000000000001000-0x000000001ffd9fff]
On node 0, zone DMA32: 1 pages in unavailable ranges
On node 0, zone DMA32: 97 pages in unavailable ranges
On node 0, zone DMA32: 38 pages in unavailable ranges
ACPI: LAPIC_NMI (acpi_id[0xff] dfl dfl lint[0x1])
IOAPIC[0]: apic_id 0, version 32, address 0xfec00000, GSI 0-23
ACPI: INT_SRC_OVR (bus 0 bus_irq 0 global_irq 2 dfl dfl)
ACPI: INT_SRC_OVR (bus 0 bus_irq 5 global_irq 5 high level)
ACPI: INT_SRC_OVR (bus 0 bus_irq 9 global_irq 9 high level)
ACPI: INT_SRC_OVR (bus 0 bus_irq 10 global_irq 10 high level)
ACPI: INT_SRC_OVR (bus 0 bus_irq 11 global_irq 11 high level)
ACPI: Using ACPI (MADT) for SMP configuration information
ACPI: HPET id: 0x8086a201 base: 0xfed00000
smpboot: Allowing 1 CPUs, 0 hotplug CPUs
[mem 0x20000000-0xfffbffff] available for PCI devices
Booting paravirtualized kernel on bare hardware
clocksource: refined-jiffies: mask: 0xffffffff max_cycles: 0xffffffff, max_idle_ns: 7645519600211568 ns
setup_percpu: NR_CPUS:64 nr_cpumask_bits:64 nr_cpu_ids:1 nr_node_ids:1
percpu: Embedded 54 pages/cpu s181656 r8192 d31336 u2097152
Built 1 zonelists, mobility grouping on.  Total pages: 128730
Policy zone: DMA32
Kernel command line: BOOT_IMAGE=/boot/vmlinuz-5.15.0-1101-kvm root=PARTUUID=ac768e24-c9f5-4ace-b42e-a1f432839a8b ro console=tty1 console=ttyS0 panic=-1
Dentry cache hash table entries: 65536 (order: 7, 524288 bytes, linear)
Inode-cache hash table entries: 32768 (order: 6, 262144 bytes, linear)
mem auto-init: stack:off, heap alloc:on, heap free:off
Memory: 488972K/523744K available (12297K kernel code, 1643K rwdata, 5752K rodata, 1492K init, 828K bss, 34512K reserved, 0K cma-reserved)
SLUB: HWalign=64, Order=0-3, MinObjects=0, CPUs=1, Nodes=1
rcu: Hierarchical RCU implementation.
rcu: 	RCU restricting CPUs from NR_CPUS=64 to nr_cpu_ids=1.
	Tracing variant of Tasks RCU enabled.
rcu: RCU calculated value of scheduler-enlistment delay is 25 jiffies.
rcu: Adjusting geometry for rcu_fanout_leaf=16, nr_cpu_ids=1
NR_IRQS: 4352, nr_irqs: 256, preallocated irqs: 16
printk: console [ttyS0] enabled
ACPI: Core revision 20210730
clocksource: hpet: mask: 0xffffffff max_cycles: 0xffffffff, max_idle_ns: 19112604467 ns
APIC: Switch to symmetric I/O mode setup
..TIMER: vector=0x30 apic1=0 pin1=2 apic2=-1 pin2=-1
clocksource: tsc-early: mask: 0xffffffffffffffff max_cycles: 0x233fdf4f8c5, max_idle_ns: 440795226840 ns
Calibrating delay loop (skipped), value calculated using timer frequency.. 4890.86 BogoMIPS (lpj=9781736)
process: using AMD E400 aware idle routine
Last level iTLB entries: 4KB 512, 2MB 255, 4MB 127
Last level dTLB entries: 4KB 512, 2MB 255, 4MB 127, 1GB 0
Spectre V1 : Mitigation: usercopy/swapgs barriers and __user pointer sanitization
Spectre V2 : Mitigation: Retpolines
Spectre V2 : Spectre v2 / SpectreRSB: Filling RSB on context switch and VMEXIT
x86/fpu: x87 FPU will use FXSAVE
Freeing SMP alternatives memory: 36K
pid_max: default: 32768 minimum: 301
LSM: Security Framework initializing
Yama: becoming mindful.
AppArmor: AppArmor initialized
Mount-cache hash table entries: 1024 (order: 1, 8192 bytes, linear)
Mountpoint-cache hash table entries: 1024 (order: 1, 8192 bytes, linear)
smpboot: CPU0: AMD QEMU Virtual CPU version 2.5+ (family: 0xf, model: 0x6b, stepping: 0x1)
Performance Events: PMU not available due to virtualization, using software events only.
signal: max sigframe size: 1440
rcu: Hierarchical SRCU implementation.
dyndbg: Ignore empty _ddebug table in a CONFIG_DYNAMIC_DEBUG_CORE build
smp: Bringing up secondary CPUs ...
smp: Brought up 1 node, 1 CPU
smpboot: Max logical packages: 1
smpboot: Total of 1 processors activated (4890.86 BogoMIPS)
devtmpfs: initialized
x86/mm: Memory block size: 128MB
clocksource: jiffies: mask: 0xffffffff max_cycles: 0xffffffff, max_idle_ns: 7645041785100000 ns
futex hash table entries: 256 (order: 2, 16384 bytes, linear)
NET: Registered PF_NETLINK/PF_ROUTE protocol family
audit: initializing netlink subsys (disabled)
thermal_sys: Registered thermal governor 'step_wise'
cpuidle: using governor ladder
cpuidle: using governor menu
ACPI: bus type PCI registered
acpiphp: ACPI Hot Plug PCI Controller Driver version: 0.5
audit: type=2000 audit(1782586161.604:1): state=initialized audit_enabled=0 res=1
PCI: Using configuration type 1 for base access
HugeTLB registered 2.00 MiB page size, pre-allocated 0 pages
ACPI: Added _OSI(Module Device)
ACPI: Added _OSI(Processor Device)
ACPI: Added _OSI(Processor Aggregator Device)
ACPI: Added _OSI(Linux-Dell-Video)
ACPI: Added _OSI(Linux-Lenovo-NV-HDMI-Audio)
ACPI: Added _OSI(Linux-HPI-Hybrid-Graphics)
ACPI: 1 ACPI AML tables successfully acquired and loaded
ACPI: Interpreter enabled
ACPI: PM: (supports S0 S5)
ACPI: Using IOAPIC for interrupt routing
PCI: Using host bridge windows from ACPI; if necessary, use "pci=nocrs" and report a bug
PCI: Using E820 reservations for host bridge windows
ACPI: Enabled 2 GPEs in block 00 to 0F
ACPI: PCI Root Bridge [PCI0] (domain 0000 [bus 00-ff])
acpi PNP0A03:00: _OSC: OS supports [ASPM ClockPM Segments MSI HPX-Type3]
acpiphp: Slot [3] registered
acpiphp: Slot [4] registered
acpiphp: Slot [5] registered
acpiphp: Slot [6] registered
acpiphp: Slot [7] registered
acpiphp: Slot [8] registered
acpiphp: Slot [9] registered
acpiphp: Slot [10] registered
acpiphp: Slot [11] registered
acpiphp: Slot [12] registered
acpiphp: Slot [13] registered
acpiphp: Slot [14] registered
acpiphp: Slot [15] registered
acpiphp: Slot [16] registered
acpiphp: Slot [17] registered
acpiphp: Slot [18] registered
acpiphp: Slot [19] registered
acpiphp: Slot [20] registered
acpiphp: Slot [21] registered
acpiphp: Slot [22] registered
acpiphp: Slot [23] registered
acpiphp: Slot [24] registered
acpiphp: Slot [25] registered
acpiphp: Slot [26] registered
acpiphp: Slot [27] registered
acpiphp: Slot [28] registered
acpiphp: Slot [29] registered
acpiphp: Slot [30] registered
acpiphp: Slot [31] registered
PCI host bridge to bus 0000:00
pci_bus 0000:00: root bus resource [io  0x0000-0x0cf7 window]
pci_bus 0000:00: root bus resource [io  0x0d00-0xffff window]
pci_bus 0000:00: root bus resource [mem 0x000a0000-0x000bffff window]
pci_bus 0000:00: root bus resource [mem 0x20000000-0xfebfffff window]
pci_bus 0000:00: root bus resource [mem 0x100000000-0x17fffffff window]
pci_bus 0000:00: root bus resource [bus 00-ff]
pci 0000:00:00.0: [8086:1237] type 00 class 0x060000
pci 0000:00:01.0: [8086:7000] type 00 class 0x060100
pci 0000:00:01.1: [8086:7010] type 00 class 0x010180
pci 0000:00:01.1: reg 0x20: [io  0xc120-0xc12f]
pci 0000:00:01.1: legacy IDE quirk: reg 0x10: [io  0x01f0-0x01f7]
pci 0000:00:01.1: legacy IDE quirk: reg 0x14: [io  0x03f6]
pci 0000:00:01.1: legacy IDE quirk: reg 0x18: [io  0x0170-0x0177]
pci 0000:00:01.1: legacy IDE quirk: reg 0x1c: [io  0x0376]
pci 0000:00:01.3: [8086:7113] type 00 class 0x068000
pci 0000:00:01.3: quirk: [io  0x0600-0x063f] claimed by PIIX4 ACPI
pci 0000:00:01.3: quirk: [io  0x0700-0x070f] claimed by PIIX4 SMB
pci 0000:00:02.0: [1234:1111] type 00 class 0x030000
pci 0000:00:02.0: reg 0x10: [mem 0xfd000000-0xfdffffff pref]
pci 0000:00:02.0: reg 0x18: [mem 0xfeb90000-0xfeb90fff]
pci 0000:00:02.0: reg 0x30: [mem 0xfeb80000-0xfeb8ffff pref]
pci 0000:00:02.0: Video device with shadowed ROM at [mem 0x000c0000-0x000dffff]
pci 0000:00:03.0: [1af4:1000] type 00 class 0x020000
pci 0000:00:03.0: reg 0x10: [io  0xc100-0xc11f]
pci 0000:00:03.0: reg 0x14: [mem 0xfeb91000-0xfeb91fff]
pci 0000:00:03.0: reg 0x20: [mem 0xfe000000-0xfe003fff 64bit pref]
pci 0000:00:03.0: reg 0x30: [mem 0xfeb00000-0xfeb7ffff pref]
pci 0000:00:04.0: [1af4:1001] type 00 class 0x010000
pci 0000:00:04.0: reg 0x10: [io  0xc000-0xc07f]
pci 0000:00:04.0: reg 0x14: [mem 0xfeb92000-0xfeb92fff]
pci 0000:00:04.0: reg 0x20: [mem 0xfe004000-0xfe007fff 64bit pref]
pci 0000:00:05.0: [1af4:1001] type 00 class 0x010000
pci 0000:00:05.0: reg 0x10: [io  0xc080-0xc0ff]
pci 0000:00:05.0: reg 0x14: [mem 0xfeb93000-0xfeb93fff]
pci 0000:00:05.0: reg 0x20: [mem 0xfe008000-0xfe00bfff 64bit pref]
ACPI: PCI: Interrupt link LNKA configured for IRQ 10
ACPI: PCI: Interrupt link LNKB configured for IRQ 10
ACPI: PCI: Interrupt link LNKC configured for IRQ 11
ACPI: PCI: Interrupt link LNKD configured for IRQ 11
ACPI: PCI: Interrupt link LNKS configured for IRQ 9
SCSI subsystem initialized
pci 0000:00:02.0: vgaarb: setting as boot VGA device
pci 0000:00:02.0: vgaarb: VGA device added: decodes=io+mem,owns=io+mem,locks=none
pci 0000:00:02.0: vgaarb: bridge control possible
vgaarb: loaded
NetLabel: Initializing
NetLabel:  domain hash size = 128
NetLabel:  protocols = UNLABELED CIPSOv4 CALIPSO
NetLabel:  unlabeled traffic allowed by default
PCI: Using ACPI for IRQ routing
hpet: 3 channels of 0 reserved for per-cpu timers
clocksource: Switched to clocksource tsc-early
VFS: Disk quotas dquot_6.6.0
VFS: Dquot-cache hash table entries: 512 (order 0, 4096 bytes)
AppArmor: AppArmor Filesystem Enabled
pnp: PnP ACPI init
pnp: PnP ACPI: found 6 devices
NET: Registered PF_INET protocol family
IP idents hash table entries: 8192 (order: 4, 65536 bytes, linear)
tcp_listen_portaddr_hash hash table entries: 256 (order: 0, 4096 bytes, linear)
Table-perturb hash table entries: 65536 (order: 6, 262144 bytes, linear)
TCP established hash table entries: 4096 (order: 3, 32768 bytes, linear)
TCP bind hash table entries: 4096 (order: 4, 65536 bytes, linear)
TCP: Hash tables configured (established 4096 bind 4096)
MPTCP token hash table entries: 512 (order: 2, 12288 bytes, linear)
UDP hash table entries: 256 (order: 1, 8192 bytes, linear)
UDP-Lite hash table entries: 256 (order: 1, 8192 bytes, linear)
NET: Registered PF_UNIX/PF_LOCAL protocol family
NET: Registered PF_XDP protocol family
pci_bus 0000:00: resource 4 [io  0x0000-0x0cf7 window]
pci_bus 0000:00: resource 5 [io  0x0d00-0xffff window]
pci_bus 0000:00: resource 6 [mem 0x000a0000-0x000bffff window]
pci_bus 0000:00: resource 7 [mem 0x20000000-0xfebfffff window]
pci_bus 0000:00: resource 8 [mem 0x100000000-0x17fffffff window]
pci 0000:00:01.0: PIIX3: Enabling Passive Release
pci 0000:00:00.0: Limiting direct PCI/PCI transfers
pci 0000:00:01.0: Activating ISA DMA hang workarounds
PCI: CLS 0 bytes, default 64
Initialise system trusted keyrings
Key type blacklist registered
workingset: timestamp_bits=40 max_order=17 bucket_order=0
squashfs: version 4.0 (2009/01/31) Phillip Lougher
9p: Installing v9fs 9p2000 file system support
integrity: Platform Keyring initialized
NET: Registered PF_ALG protocol family
Key type asymmetric registered
Asymmetric key parser 'x509' registered
Block layer SCSI generic (bsg) driver version 0.4 loaded (major 249)
io scheduler mq-deadline registered
io scheduler kyber registered
shpchp: Standard Hot Plug PCI Controller Driver version: 0.4
input: Power Button as /devices/LNXSYSTM:00/LNXPWRBN:00/input/input0
ACPI: button: Power Button [PWRF]
ACPI: \_SB_.LNKC: Enabled at IRQ 11
ACPI: \_SB_.LNKD: Enabled at IRQ 10
ACPI: \_SB_.LNKA: Enabled at IRQ 10
Serial: 8250/16550 driver, 4 ports, IRQ sharing disabled
00:04: ttyS0 at I/O 0x3f8 (irq = 4, base_baud = 115200) is a 16550A
virtio_blk virtio1: [vda] 4612096 512-byte logical blocks (2.36 GB/2.20 GiB)
 vda: vda1 vda14 vda15
virtio_blk virtio2: [vdb] 2097152 512-byte logical blocks (1.07 GB/1.00 GiB)
Loading iSCSI transport class v2.0-870.
iscsi: registered transport (tcp)
scsi host0: ata_piix
scsi host1: ata_piix
ata1: PATA max MWDMA2 cmd 0x1f0 ctl 0x3f6 bmdma 0xc120 irq 14
ata2: PATA max MWDMA2 cmd 0x170 ctl 0x376 bmdma 0xc128 irq 15
tun: Universal TUN/TAP device driver, 1.6
NET: Registered PF_INET6 protocol family
Segment Routing with IPv6
In-situ OAM (IOAM) with IPv6
NET: Registered PF_PACKET protocol family
bridge: filtering via arp/ip/ip6tables is no longer available by default. Update your scripts to load br_netfilter if you need this.
9pnet: Installing 9P2000 support
IPI shorthand broadcast: enabled
sched_clock: Marking stable (1612081646, 27549363)->(1643616333, -3985324)
registered taskstats version 1
Loading compiled-in X.509 certificates
Loaded X.509 cert 'Build time autogenerated kernel key: 83a0d10a6c226e1b6e5da9f22044a4ccda19b253'
Loaded X.509 cert 'Canonical Ltd. Live Patch Signing 2025 Kmod: d541cef61dc7e793b7eb7e899970a2eef0b5dc8c'
Loaded X.509 cert 'Canonical Ltd. Live Patch Signing: 14df34d1a87cf37625abec039ef2bf521249b969'
Loaded X.509 cert 'Canonical Ltd. Kernel Module Signing 2025 Kmod: 4627603d2357a2a3f81006370894c221175893e9'
Loaded X.509 cert 'Canonical Ltd. Kernel Module Signing: 88f752e560a1e0737e31163a466ad7b70a850c19'
blacklist: Loading compiled-in revocation X.509 certificates
Loaded X.509 cert 'Canonical Ltd. Secure Boot Signing: 61482aa2830d0ab2ad5af10b7250da9033ddcef0'
Loaded X.509 cert 'Canonical Ltd. Secure Boot Signing (2017): 242ade75ac4a15e50d50c84b0d45ff3eae707a03'
Loaded X.509 cert 'Canonical Ltd. Secure Boot Signing (ESM 2018): 365188c1d374d6b07c3c8f240f8ef722433d6a8b'
Loaded X.509 cert 'Canonical Ltd. Secure Boot Signing (2019): c0746fd6c5da3ae827864651ad66ae47fe24b3e8'
Loaded X.509 cert 'Canonical Ltd. Secure Boot Signing (2021 v1): a8d54bbb3825cfb94fa13c9f8a594a195c107b8d'
Loaded X.509 cert 'Canonical Ltd. Secure Boot Signing (2021 v2): 4cf046892d6fd3c9a5b03f98d845f90851dc6a8c'
Loaded X.509 cert 'Canonical Ltd. Secure Boot Signing (2021 v3): 100437bb6de6e469b581e61cd66bce3ef4ed53af'
Loaded X.509 cert 'Canonical Ltd. Secure Boot Signing (Ubuntu Core 2019): c1d57b8f6b743f23ee41f4f7ee292f06eecadfb9'
Key type .fscrypt registered
Key type fscrypt-provisioning registered
AppArmor: AppArmor sha1 policy hashing enabled
clk: Disabling unused clocks
ata2.00: ATAPI: QEMU DVD-ROM, 2.5+, max UDMA/100
scsi 1:0:0:0: CD-ROM            QEMU     QEMU DVD-ROM     2.5+ PQ: 0 ANSI: 5
sr 1:0:0:0: [sr0] scsi3-mmc drive: 4x/4x cd/rw xa/form2 tray
cdrom: Uniform CD-ROM driver Revision: 3.20
EXT4-fs (vda1): mounted filesystem with ordered data mode. Opts: (null). Quota mode: none.
VFS: Mounted root (ext4 filesystem) readonly on device 254:1.
devtmpfs: mounted
Freeing unused kernel image (initmem) memory: 1492K
Write protecting the kernel read-only data: 20480k
Freeing unused kernel image (text/rodata gap) memory: 2036K
Freeing unused kernel image (rodata/data gap) memory: 392K
x86/mm: Checked W+X mappings: passed, no W+X pages found.
tsc: Refined TSC clocksource calibration: 2445.419 MHz
clocksource: tsc: mask: 0xffffffffffffffff max_cycles: 0x233fd15b4db, max_idle_ns: 440795307485 ns
clocksource: Switched to clocksource tsc
Run /sbin/init as init process
systemd[1]: systemd 249.11-0ubuntu3.21 running in system mode (+PAM +AUDIT +SELINUX +APPARMOR +IMA +SMACK +SECCOMP +GCRYPT +GNUTLS +OPENSSL +ACL +BLKID +CURL +ELFUTILS +FIDO2 +IDN2 -IDN +IPTC +KMOD +LIBCRYPTSETUP +LIBFDISK +PCRE2 -PWQUALITY -P11KIT -QRENCODE +BZIP2 +LZ4 +XZ +ZLIB +ZSTD -XKBCOMMON +UTMP +SYSVINIT default-hierarchy=unified)
systemd[1]: Detected virtualization qemu.
systemd[1]: Detected architecture x86-64.

Welcome to [1mUbuntu 22.04.5 LTS[0m!

systemd[1]: Hostname set to <ubuntu>.
random: systemd: uninitialized urandom read (16 bytes read)
systemd[1]: Initializing machine ID from random generator.
systemd[1]: Installed transient /etc/machine-id file.
random: lvmconfig: uninitialized urandom read (4 bytes read)
systemd[1]: Configuration file /run/systemd/system/netplan-ovs-cleanup.service is marked world-inaccessible. This has no effect as configuration data is accessible via APIs without restrictions. Proceeding anyway.
systemd[1]: /lib/systemd/system/snapd.service:23: Unknown key name 'RestartMode' in section 'Service', ignoring.
random: systemd: uninitialized urandom read (16 bytes read)
systemd[1]: Queued start job for default target Graphical Interface.
random: systemd: uninitialized urandom read (16 bytes read)
systemd[1]: Created slice Slice /system/getty.
[[0;32m  OK  [0m] Created slice [0;1;39mSlice /system/getty[0m.
random: systemd: uninitialized urandom read (16 bytes read)
systemd[1]: Created slice Slice /system/modprobe.
[[0;32m  OK  [0m] Created slice [0;1;39mSlice /system/modprobe[0m.
random: systemd: uninitialized urandom read (16 bytes read)
systemd[1]: Created slice Slice /system/serial-getty.
[[0;32m  OK  [0m] Created slice [0;1;39mSlice /system/serial-getty[0m.
random: systemd: uninitialized urandom read (16 bytes read)
systemd[1]: Created slice Slice /system/systemd-fsck.
[[0;32m  OK  [0m] Created slice [0;1;39mSlice /system/systemd-fsck[0m.
systemd[1]: Created slice User and Session Slice.
[[0;32m  OK  [0m] Created slice [0;1;39mUser and Session Slice[0m.
systemd[1]: Started Dispatch Password Requests to Console Directory Watch.
[[0;32m  OK  [0m] Started [0;1;39mDispatch Password …ts to Console Directory Watch[0m.
systemd[1]: Started Forward Password Requests to Wall Directory Watch.
[[0;32m  OK  [0m] Started [0;1;39mForward Password R…uests to Wall Directory Watch[0m.
systemd[1]: Condition check resulted in Arbitrary Executable File Formats File System Automount Point being skipped.
systemd[1]: Reached target Local Encrypted Volumes.
[[0;32m  OK  [0m] Reached target [0;1;39mLocal Encrypted Volumes[0m.
systemd[1]: Reached target Slice Units.
[[0;32m  OK  [0m] Reached target [0;1;39mSlice Units[0m.
systemd[1]: Reached target Mounting snaps.
[[0;32m  OK  [0m] Reached target [0;1;39mMounting snaps[0m.
systemd[1]: Reached target Mounted snaps.
[[0;32m  OK  [0m] Reached target [0;1;39mMounted snaps[0m.
systemd[1]: Reached target Swaps.
[[0;32m  OK  [0m] Reached target [0;1;39mSwaps[0m.
systemd[1]: Reached target Local Verity Protected Volumes.
[[0;32m  OK  [0m] Reached target [0;1;39mLocal Verity Protected Volumes[0m.
systemd[1]: Listening on Device-mapper event daemon FIFOs.
[[0;32m  OK  [0m] Listening on [0;1;39mDevice-mapper event daemon FIFOs[0m.
systemd[1]: Listening on LVM2 poll daemon socket.
[[0;32m  OK  [0m] Listening on [0;1;39mLVM2 poll daemon socket[0m.
systemd[1]: Listening on fsck to fsckd communication Socket.
[[0;32m  OK  [0m] Listening on [0;1;39mfsck to fsckd communication Socket[0m.
systemd[1]: Listening on initctl Compatibility Named Pipe.
[[0;32m  OK  [0m] Listening on [0;1;39minitctl Compatibility Named Pipe[0m.
systemd[1]: Listening on Journal Audit Socket.
[[0;32m  OK  [0m] Listening on [0;1;39mJournal Audit Socket[0m.
systemd[1]: Listening on Journal Socket (/dev/log).
[[0;32m  OK  [0m] Listening on [0;1;39mJournal Socket (/dev/log)[0m.
systemd[1]: Listening on Journal Socket.
[[0;32m  OK  [0m] Listening on [0;1;39mJournal Socket[0m.
systemd[1]: Listening on Network Service Netlink Socket.
[[0;32m  OK  [0m] Listening on [0;1;39mNetwork Service Netlink Socket[0m.
systemd[1]: Listening on udev Control Socket.
[[0;32m  OK  [0m] Listening on [0;1;39mudev Control Socket[0m.
systemd[1]: Listening on udev Kernel Socket.
[[0;32m  OK  [0m] Listening on [0;1;39mudev Kernel Socket[0m.
systemd[1]: Mounting Huge Pages File System...
         Mounting [0;1;39mHuge Pages File System[0m...
systemd[1]: Mounting POSIX Message Queue File System...
         Mounting [0;1;39mPOSIX Message Queue File System[0m...
systemd[1]: Mounting Kernel Debug File System...
         Mounting [0;1;39mKernel Debug File System[0m...
systemd[1]: Mounting Kernel Trace File System...
         Mounting [0;1;39mKernel Trace File System[0m...
systemd[1]: Starting Journal Service...
         Starting [0;1;39mJournal Service[0m...
systemd[1]: Starting Create List of Static Device Nodes...
         Starting [0;1;39mCreate List of Static Device Nodes[0m...
systemd[1]: Starting Monitoring of LVM2 mirrors, snapshots etc. using dmeventd or progress polling...
         Starting [0;1;39mMonitoring of LVM…meventd or progress polling[0m...
systemd[1]: Condition check resulted in LXD - agent being skipped.
systemd[1]: Starting Load Kernel Module configfs...
         Starting [0;1;39mLoad Kernel Module configfs[0m...
systemd[1]: Starting Load Kernel Module drm...
         Starting [0;1;39mLoad Kernel Module drm[0m...
systemd[1]: Starting Load Kernel Module efi_pstore...
         Starting [0;1;39mLoad Kernel Module efi_pstore[0m...
systemd[1]: Starting Load Kernel Module fuse...
         Starting [0;1;39mLoad Kernel Module fuse[0m...
systemd[1]: Condition check resulted in OpenVSwitch configuration for cleanup being skipped.
systemd[1]: Starting File System Check on Root Device...
         Starting [0;1;39mFile System Check on Root Device[0m...
systemd[1]: Starting Load Kernel Modules...
         Starting [0;1;39mLoad Kernel Modules[0m...
systemd[1]: Starting Coldplug All udev Devices...
         Starting [0;1;39mColdplug All udev Devices[0m...
systemd[1]: Mounted Huge Pages File System.
[[0;32m  OK  [0m] Mounted [0;1;39mHuge Pages File System[0m.
systemd[1]: Mounted POSIX Message Queue File System.
[[0;32m  OK  [0m] Mounted [0;1;39mPOSIX Message Queue File System[0m.
systemd[1]: Mounted Kernel Debug File System.
[[0;32m  OK  [0m] Mounted [0;1;39mKernel Debug File System[0m.
fuse: init (API version 7.34)
systemd[1]: Mounted Kernel Trace File System.
[[0;32m  OK  [0m] Mounted [0;1;39mKernel Trace File System[0m.
random: systemd-journal: uninitialized urandom read (16 bytes read)
systemd[1]: Finished Create List of Static Device Nodes.
[[0;32m  OK  [0m] Finished [0;1;39mCreate List of Static Device Nodes[0m.
systemd[1]: modprobe@configfs.service: Deactivated successfully.
systemd[1]: Finished Load Kernel Module configfs.
[[0;32m  OK  [0m] Finished [0;1;39mLoad Kernel Module configfs[0m.
systemd[1]: modprobe@drm.service: Deactivated successfully.
systemd[1]: Finished Load Kernel Module drm.
[[0;32m  OK  [0m] Finished [0;1;39mLoad Kernel Module drm[0m.
systemd[1]: modprobe@efi_pstore.service: Deactivated successfully.
systemd[1]: Finished Load Kernel Module efi_pstore.
[[0;32m  OK  [0m] Finished [0;1;39mLoad Kernel Module efi_pstore[0m.
systemd[1]: modprobe@fuse.service: Deactivated successfully.
systemd[1]: Finished Load Kernel Module fuse.
[[0;32m  OK  [0m] Finished [0;1;39mLoad Kernel Module fuse[0m.
systemd[1]: Finished Load Kernel Modules.
[[0;32m  OK  [0m] Finished [0;1;39mLoad Kernel Modules[0m.
random: systemd: uninitialized urandom read (16 bytes read)
systemd[1]: Mounting FUSE Control File System...
         Mounting [0;1;39mFUSE Control File System[0m...
random: systemd: uninitialized urandom read (16 bytes read)
systemd[1]: Mounting Kernel Configuration File System...
         Mounting [0;1;39mKernel Configuration File System[0m...
systemd[1]: Started File System Check Daemon to report status.
[[0;32m  OK  [0m] Started [0;1;39mFile System Check Daemon to report status[0m.
systemd[1]: Starting Apply Kernel Variables...
         Starting [0;1;39mApply Kernel Variables[0m...
systemd[1]: Mounted FUSE Control File System.
[[0;32m  OK  [0m] Mounted [0;1;39mFUSE Control File System[0m.
systemd[1]: Mounted Kernel Configuration File System.
[[0;32m  OK  [0m] Mounted [0;1;39mKernel Configuration File System[0m.
systemd[1]: Started Journal Service.
[[0;32m  OK  [0m] Started [0;1;39mJournal Service[0m.
[[0;32m  OK  [0m] Finished [0;1;39mFile System Check on Root Device[0m.
         Starting [0;1;39mRemount Root and Kernel File Systems[0m...
[[0;32m  OK  [0m] Finished [0;1;39mApply Kernel Variables[0m.
[[0;32m  OK  [0m] Finished [0;1;39mColdplug All udev Devices[0m.
[[0;1;31mFAILED[0m] Failed to start [0;1;39mRemount Root and Kernel File Systems[0m.
See 'systemctl status systemd-remount-fs.service' for details.
         Starting [0;1;39mFlush Journal to Persistent Storage[0m...
         Starting [0;1;39mLoad/Save Random Seed[0m...
         Starting [0;1;39mCreate Static Device Nodes in /dev[0m...
[[0;32m  OK  [0m] Finished [0;1;39mLoad/Save Random Seed[0m.
[[0;32m  OK  [0m] Finished [0;1;39mFlush Journal to Persistent Storage[0m.
[[0;32m  OK  [0m] Finished [0;1;39mCreate Static Device Nodes in /dev[0m.
         Starting [0;1;39mRule-based Manage…for Device Events and Files[0m...
[[0;32m  OK  [0m] Started [0;1;39mRule-based Manager for Device Events and Files[0m.
         Starting [0;1;39mNetwork Configuration[0m...
[[0;32m  OK  [0m] Found device [0;1;39m/dev/ttyS0[0m.
[[0;32m  OK  [0m] Found device [0;1;39m/dev/disk/by-label/UEFI[0m.
[[0;32m  OK  [0m] Finished [0;1;39mMonitoring of LVM… dmeventd or progress polling[0m.
[[0;32m  OK  [0m] Started [0;1;39mNetwork Configuration[0m.
[[0;32m  OK  [0m] Reached target [0;1;39mPreparation for Local File Systems[0m.
         Starting [0;1;39mFile System Check on /dev/disk/by-label/UEFI[0m...
         Starting [0;1;39mWait for Network to be Configured[0m...
[[0;32m  OK  [0m] Finished [0;1;39mFile System Check on /dev/disk/by-label/UEFI[0m.
         Mounting [0;1;39m/boot/efi[0m...
[[0;32m  OK  [0m] Mounted [0;1;39m/boot/efi[0m.
[[0;32m  OK  [0m] Reached target [0;1;39mLocal File Systems[0m.
         Starting [0;1;39mLoad AppArmor profiles[0m...
         Starting [0;1;39mCreate final runt…dir for shutdown pivot root[0m...
         Starting [0;1;39mCreate Volatile Files and Directories[0m...
[[0;32m  OK  [0m] Finished [0;1;39mCreate final runt…e dir for shutdown pivot root[0m.
[[0;32m  OK  [0m] Finished [0;1;39mCreate Volatile Files and Directories[0m.
         Starting [0;1;39mNetwork Name Resolution[0m...
         Starting [0;1;39mNetwork Time Synchronization[0m...
         Starting [0;1;39mRecord System Boot/Shutdown in UTMP[0m...
[[0;32m  OK  [0m] Finished [0;1;39mWait for Network to be Configured[0m.
[[0;1;31mFAILED[0m] Failed to start [0;1;39mNetwork Time Synchronization[0m.
See 'systemctl status systemd-timesyncd.service' for details.
[[0;1;31mFAILED[0m] Failed to start [0;1;39mNetwork Name Resolution[0m.
See 'systemctl status systemd-resolved.service' for details.
[[0;32m  OK  [0m] Stopped [0;1;39mNetwork Name Resolution[0m.
         Starting [0;1;39mNetwork Name Resolution[0m...
[[0;32m  OK  [0m] Stopped [0;1;39mNetwork Time Synchronization[0m.
         Starting [0;1;39mNetwork Time Synchronization[0m...
[[0;1;31mFAILED[0m] Failed to start [0;1;39mNetwork Name Resolution[0m.
See 'systemctl status systemd-resolved.service' for details.
[[0;1;31mFAILED[0m] Failed to start [0;1;39mNetwork Time Synchronization[0m.
See 'systemctl status systemd-timesyncd.service' for details.
[[0;32m  OK  [0m] Stopped [0;1;39mNetwork Name Resolution[0m.
         Starting [0;1;39mNetwork Name Resolution[0m...
[[0;32m  OK  [0m] Stopped [0;1;39mNetwork Time Synchronization[0m.
         Starting [0;1;39mNetwork Time Synchronization[0m...
[[0;32m  OK  [0m] Finished [0;1;39mRecord System Boot/Shutdown in UTMP[0m.
[[0;1;31mFAILED[0m] Failed to start [0;1;39mNetwork Name Resolution[0m.
See 'systemctl status systemd-resolved.service' for details.
[[0;1;31mFAILED[0m] Failed to start [0;1;39mNetwork Time Synchronization[0m.
See 'systemctl status systemd-timesyncd.service' for details.
[[0;32m  OK  [0m] Stopped [0;1;39mNetwork Name Resolution[0m.
         Starting [0;1;39mNetwork Name Resolution[0m...
[[0;32m  OK  [0m] Stopped [0;1;39mNetwork Time Synchronization[0m.
         Starting [0;1;39mNetwork Time Synchronization[0m...
[[0;1;31mFAILED[0m] Failed to start [0;1;39mNetwork Name Resolution[0m.
See 'systemctl status systemd-resolved.service' for details.
[[0;1;31mFAILED[0m] Failed to start [0;1;39mNetwork Time Synchronization[0m.
See 'systemctl status systemd-timesyncd.service' for details.
[[0;32m  OK  [0m] Stopped [0;1;39mNetwork Name Resolution[0m.
         Starting [0;1;39mNetwork Name Resolution[0m...
[[0;32m  OK  [0m] Stopped [0;1;39mNetwork Time Synchronization[0m.
         Starting [0;1;39mNetwork Time Synchronization[0m...
[[0;1;31mFAILED[0m] Failed to start [0;1;39mNetwork Name Resolution[0m.
See 'systemctl status systemd-resolved.service' for details.
[[0;1;31mFAILED[0m] Failed to start [0;1;39mNetwork Time Synchronization[0m.
See 'systemctl status systemd-timesyncd.service' for details.
[[0;32m  OK  [0m] Stopped [0;1;39mNetwork Name Resolution[0m.
[[0;1;31mFAILED[0m] Failed to start [0;1;39mNetwork Name Resolution[0m.
See 'systemctl status systemd-resolved.service' for details.
[[0;32m  OK  [0m] Reached target [0;1;39mNetwork[0m.
[[0;32m  OK  [0m] Reached target [0;1;39mNetwork is Online[0m.
[[0;32m  OK  [0m] Reached target [0;1;39mHost and Network Name Lookups[0m.
[[0;32m  OK  [0m] Reached target [0;1;39mPreparation for Remote File Systems[0m.
[[0;32m  OK  [0m] Reached target [0;1;39mRemote File Systems[0m.
[[0;32m  OK  [0m] Finished [0;1;39mAvailability of block devices[0m.
[[0;32m  OK  [0m] Stopped [0;1;39mNetwork Time Synchronization[0m.
[[0;1;31mFAILED[0m] Failed to start [0;1;39mNetwork Time Synchronization[0m.
See 'systemctl status systemd-timesyncd.service' for details.
[[0;32m  OK  [0m] Reached target [0;1;39mSystem Time Set[0m.
[[0;32m  OK  [0m] Finished [0;1;39mLoad AppArmor profiles[0m.
         Starting [0;1;39mLoad AppArmor pro…managed internally by snapd[0m...
[[0;32m  OK  [0m] Finished [0;1;39mLoad AppArmor pro…s managed internally by snapd[0m.
[[0;32m  OK  [0m] Reached target [0;1;39mSystem Initialization[0m.
[[0;32m  OK  [0m] Started [0;1;39mDaily apt download activities[0m.
[[0;32m  OK  [0m] Started [0;1;39mDaily apt upgrade and clean activities[0m.
[[0;32m  OK  [0m] Started [0;1;39mDaily dpkg database backup timer[0m.
[[0;32m  OK  [0m] Started [0;1;39mPeriodic ext4 Onli…ata Check for All Filesystems[0m.
[[0;32m  OK  [0m] Started [0;1;39mDiscard unused blocks once a week[0m.
[[0;32m  OK  [0m] Started [0;1;39mMessage of the Day[0m.
[[0;32m  OK  [0m] Started [0;1;39mDaily Cleanup of Temporary Directories[0m.
[[0;32m  OK  [0m] Started [0;1;39mDownload data for …ailed at package install time[0m.
[[0;32m  OK  [0m] Started [0;1;39mCheck to see wheth…w version of Ubuntu available[0m.
[[0;32m  OK  [0m] Reached target [0;1;39mPath Units[0m.
[[0;32m  OK  [0m] Reached target [0;1;39mTimer Units[0m.
[[0;32m  OK  [0m] Listening on [0;1;39mD-Bus System Message Bus Socket[0m.
[[0;32m  OK  [0m] Listening on [0;1;39mOpen-iSCSI iscsid Socket[0m.
         Starting [0;1;39mHelper to install lxd snap on demand[0m...
         Starting [0;1;39mSocket activation for snappy daemon[0m...
[[0;32m  OK  [0m] Listening on [0;1;39mHelper to install lxd snap on demand[0m.
[[0;32m  OK  [0m] Listening on [0;1;39mSocket activation for snappy daemon[0m.
[[0;32m  OK  [0m] Reached target [0;1;39mSocket Units[0m.
[[0;32m  OK  [0m] Reached target [0;1;39mBasic System[0m.
         Starting [0;1;39mLSB: automatic crash report generation[0m...
[[0;32m  OK  [0m] Started [0;1;39mD-Bus System Message Bus[0m.
         Starting [0;1;39mRemove Stale Onli…t4 Metadata Check Snapshots[0m...
         Starting [0;1;39mRecord successful boot for GRUB[0m...
         Starting [0;1;39mDispatcher daemon for systemd-networkd[0m...
         Starting [0;1;39mPollinate to seed…udo random number generator[0m...
         Starting [0;1;39mPrepare the persistent Sheller home disk[0m...
[[0;32m  OK  [0m] Reached target [0;1;39mPreparation for Logins[0m.
         Starting [0;1;39mWait until snapd is fully seeded[0m...
         Starting [0;1;39mSnap Daemon[0m...
         Starting [0;1;39mUser Login Management[0m...
         Starting [0;1;39mPermit User Sessions[0m...
[[0;1;31mFAILED[0m] Failed to start [0;1;39mUser Login Management[0m.
See 'systemctl status systemd-logind.service' for details.
[[0;32m  OK  [0m] Finished [0;1;39mPermit User Sessions[0m.
[[0;1;31mFAILED[0m] Failed to start [0;1;39mRecord successful boot for GRUB[0m.
See 'systemctl status grub-common.service' for details.
         Starting [0;1;39mGRUB failed boot detection[0m...
[[0;32m  OK  [0m] Started [0;1;39mSerial Getty on ttyS0[0m.
[[0;32m  OK  [0m] Reached target [0;1;39mLogin Prompts[0m.
[[0;32m  OK  [0m] Stopped [0;1;39mUser Login Management[0m.
         Starting [0;1;39mLoad Kernel Module drm[0m...
[[0;1;31mFAILED[0m] Failed to start [0;1;39mPollinate …seudo random number generator[0m.
See 'systemctl status pollinate.service' for details.
[[0;1;31mFAILED[0m] Failed to start [0;1;39mGRUB failed boot detection[0m.
See 'systemctl status grub-initrd-fallback.service' for details.
[[0;32m  OK  [0m] Finished [0;1;39mLoad Kernel Module drm[0m.
         Starting [0;1;39mUser Login Management[0m...
[[0;1;31mFAILED[0m] Failed to start [0;1;39mUser Login Management[0m.
See 'systemctl status systemd-logind.service' for details.
[[0;32m  OK  [0m] Stopped [0;1;39mUser Login Management[0m.
         Starting [0;1;39mLoad Kernel Module drm[0m...
[[0;32m  OK  [0m] Started [0;1;39mLSB: automatic crash report generation[0m.
[[0;32m  OK  [0m] Finished [0;1;39mLoad Kernel Module drm[0m.
         Starting [0;1;39mUser Login Management[0m...
[[0;1;31mFAILED[0m] Failed to start [0;1;39mUser Login Management[0m.
See 'systemctl status systemd-logind.service' for details.
[[0;32m  OK  [0m] Stopped [0;1;39mUser Login Management[0m.
         Starting [0;1;39mLoad Kernel Module drm[0m...
[[0;32m  OK  [0m] Finished [0;1;39mLoad Kernel Module drm[0m.
         Starting [0;1;39mUser Login Management[0m...
[[0;1;31mFAILED[0m] Failed to start [0;1;39mUser Login Management[0m.
See 'systemctl status systemd-logind.service' for details.
[[0;32m  OK  [0m] Stopped [0;1;39mUser Login Management[0m.
         Starting [0;1;39mLoad Kernel Module drm[0m...
[[0;32m  OK  [0m] Finished [0;1;39mLoad Kernel Module drm[0m.
         Starting [0;1;39mUser Login Management[0m...
[[0;1;31mFAILED[0m] Failed to start [0;1;39mUser Login Management[0m.
See 'systemctl status systemd-logind.service' for details.
[[0;32m  OK  [0m] Stopped [0;1;39mUser Login Management[0m.
         Starting [0;1;39mLoad Kernel Module drm[0m...
[[0;32m  OK  [0m] Finished [0;1;39mLoad Kernel Module drm[0m.
[[0;1;31mFAILED[0m] Failed to start [0;1;39mUser Login Management[0m.
See 'systemctl status systemd-logind.service' for details.
[[0;32m  OK  [0m] Started [0;1;39mUnattended Upgrades Shutdown[0m.
[[0;1;31mFAILED[0m] Failed to start [0;1;39mPrepare the persistent Sheller home disk[0m.
See 'systemctl status sheller-home.service' for details.
         Starting [0;1;39mOpenBSD Secure Shell server[0m...

Ubuntu 22.04.5 LTS ubuntu ttyS0

ubuntu login: 